#-----------------------------------------------------------
# Vivado v2018.2 (64-bit)
# SW Build 2258646 on Thu Jun 14 20:03:12 MDT 2018
# IP Build 2256618 on Thu Jun 14 22:10:49 MDT 2018
# Start of session at: Wed Jul 13 00:00:13 2022
# Process ID: 8720
# Current directory: C:/Users/Mohamed/Desktop/MS3_rep
# Command line: vivado.exe -gui_launcher_event rodinguilauncherevent12140 C:\Users\Mohamed\Desktop\MS3_rep\MS3.xpr
# Log file: C:/Users/Mohamed/Desktop/MS3_rep/vivado.log
# Journal file: C:/Users/Mohamed/Desktop/MS3_rep\vivado.jou
#-----------------------------------------------------------
start_gui
open_project C:/Users/Mohamed/Desktop/MS3_rep/MS3.xpr
update_compile_order -fileset sources_1
launch_simulation
open_wave_config C:/Users/Mohamed/Desktop/MS3_rep/CPU_Pipelined_tb_behav.wcfg
source CPU_Pipelined_tb.tcl
run 1 us
run 1 us
run 1 us
run 1 us
relaunch_sim
run 1 us
run 1 us
run 1 us
run 1 us
relaunch_sim
run 1 us
run 1 us
run 1 us
run 1 us
relaunch_sim
run 1 us
run 1 us
run 1 us
run 1 us
relaunch_sim
run 1 us
run 1 us
run 1 us
run 1 us
relaunch_sim
run 1 us
run 1 us
run 1 us
run 1 us
relaunch_sim
run 1 us
run 1 us
run 1 us
run 1 us
relaunch_sim
relaunch_sim
run 1 us
run 1 us
run 1 us
run 1 us
relaunch_sim
run 1 us
run 1 us
run 1 us
run 1 us
save_wave_config {C:/Users/Mohamed/Desktop/MS3_rep/CPU_Pipelined_tb_behav.wcfg}
save_wave_config {C:/Users/Mohamed/Desktop/MS3_rep/CPU_Pipelined_tb_behav.wcfg}
relaunch_sim
run 1 us
run 1 us
run 1 us
run 1 us
relaunch_sim
run 1 us
run 1 us
run 1 us
run 1 us
relaunch_sim
run 1 us
run 1 us
run 1 us
run 1 us
relaunch_sim
run 1 us
run 1 us
run 1 us
run 1 us
relaunch_sim
run 1 us
run 1 us
run 1 us
relaunch_sim
run 1 us
run 1 us
run 1 us
run 1 us
relaunch_sim
run 1 us
run 1 us
relaunch_sim
run 1 us
run 1 us
relaunch_sim
run 1 us
run 1 us
relaunch_sim
run 1 us
run 1 us
relaunch_sim
run 1 us
run 1 us
relaunch_sim
run 1 us
run 1 us
relaunch_sim
run 1 us
run 1 us
relaunch_sim
run 1 us
run 1 us
relaunch_sim
run 1 us
relaunch_sim
run 1 us
run 1 us
run 1 us
relaunch_sim
run 1 us
run 1 us
run 1 us
run 1 us
relaunch_sim
run 1 us
run 1 us
run 1 us
run 1 us
relaunch_sim
run 1 us
run 1 us
run 1 us
relaunch_sim
run 1 us
run 1 us
relaunch_sim
run 1 us
run 1 us
relaunch_sim
run 1 us
run 1 us
relaunch_sim
run 1 us
run 1 us
run 1 us
relaunch_sim
run 1 us
run 1 us
relaunch_sim
run 1 us
run 1 us
relaunch_sim
run 1 us
run 1 us
relaunch_sim
run 1 us
run 1 us
relaunch_sim
run 1 us
run 1 us
relaunch_sim
run 1 us
run 1 us
relaunch_sim
run 1 us
run 1 us
relaunch_sim
run 1 us
run 1 us
close_sim
